[2025-08-13 16:57:14,594: INFO: main: >>>>>> Welcome to my personal Log <<<<<<
]
[2025-08-13 16:57:14,595: INFO: main: >>>>>> Data Ingestion Stage started <<<<<<]
[2025-08-13 16:57:14,598: INFO: common: YAML file config\config.yaml loaded successfully]
[2025-08-13 16:57:14,600: INFO: common: YAML file params.yaml loaded successfully]
[2025-08-13 16:57:14,601: INFO: common: created directory at: artifacts]
[2025-08-13 16:57:14,601: INFO: common: created directory at: artifacts/data_ingestion]
[2025-08-13 16:57:14,602: INFO: data_ingestion: File already exists of size: ~ 11345 KB]
[2025-08-13 16:57:14,877: INFO: main: >>>>>> Data Ingestion Stage completed <<<<<<
]
[2025-08-13 16:57:14,877: INFO: main: >>>>>> Prepare Base Model started <<<<<<]
[2025-08-13 16:57:14,879: INFO: common: YAML file config\config.yaml loaded successfully]
[2025-08-13 16:57:14,881: INFO: common: YAML file params.yaml loaded successfully]
[2025-08-13 16:57:14,881: INFO: common: created directory at: artifacts]
[2025-08-13 16:57:14,882: INFO: common: created directory at: artifacts/prepare_base_model]
[2025-08-13 16:57:15,776: WARNING: saving_api: You are saving your model as an HDF5 file via `model.save()` or `keras.saving.save_model(model)`. This file format is considered legacy. We recommend using instead the native Keras format, e.g. `model.save('my_model.keras')` or `keras.saving.save_model(model, 'my_model.keras')`. ]
[2025-08-13 16:57:16,024: WARNING: saving_api: You are saving your model as an HDF5 file via `model.save()` or `keras.saving.save_model(model)`. This file format is considered legacy. We recommend using instead the native Keras format, e.g. `model.save('my_model.keras')` or `keras.saving.save_model(model, 'my_model.keras')`. ]
[2025-08-13 16:57:16,564: INFO: main: >>>>>> Prepare Base Model completed <<<<<<
]
[2025-08-13 17:01:21,865: INFO: main: >>>>>> Welcome to my personal Log <<<<<<]
[2025-08-13 17:01:21,865: INFO: main: >>>>>> Data Ingestion Stage started <<<<<<]
[2025-08-13 17:01:21,865: INFO: common: YAML file config\config.yaml loaded successfully]
[2025-08-13 17:01:21,865: INFO: common: YAML file params.yaml loaded successfully]
[2025-08-13 17:01:21,865: INFO: common: created directory at: artifacts]
[2025-08-13 17:01:21,865: INFO: common: created directory at: artifacts/data_ingestion]
[2025-08-13 17:01:21,865: INFO: data_ingestion: File already exists of size: ~ 11345 KB]
[2025-08-13 17:01:22,128: INFO: main: >>>>>> Data Ingestion Stage completed <<<<<<
]
[2025-08-13 17:01:22,128: INFO: main: >>>>>> Prepare Base Model started <<<<<<]
[2025-08-13 17:01:22,128: INFO: common: YAML file config\config.yaml loaded successfully]
[2025-08-13 17:01:22,128: INFO: common: YAML file params.yaml loaded successfully]
[2025-08-13 17:01:22,128: INFO: common: created directory at: artifacts]
[2025-08-13 17:01:22,128: INFO: common: created directory at: artifacts/prepare_base_model]
[2025-08-13 17:01:22,964: WARNING: saving_api: You are saving your model as an HDF5 file via `model.save()` or `keras.saving.save_model(model)`. This file format is considered legacy. We recommend using instead the native Keras format, e.g. `model.save('my_model.keras')` or `keras.saving.save_model(model, 'my_model.keras')`. ]
[2025-08-13 17:01:23,818: WARNING: saving_api: You are saving your model as an HDF5 file via `model.save()` or `keras.saving.save_model(model)`. This file format is considered legacy. We recommend using instead the native Keras format, e.g. `model.save('my_model.keras')` or `keras.saving.save_model(model, 'my_model.keras')`. ]
[2025-08-13 17:01:24,325: INFO: main: >>>>>> Prepare Base Model completed <<<<<<
]
[2025-08-13 17:04:49,391: INFO: main: 

=================================================]
[2025-08-13 17:04:49,394: INFO: main: >>>>>> Welcome to my personal Log <<<<<<]
[2025-08-13 17:04:49,394: INFO: main: >>>>>> Data Ingestion Stage started <<<<<<]
[2025-08-13 17:04:49,398: INFO: common: YAML file config\config.yaml loaded successfully]
[2025-08-13 17:04:49,399: INFO: common: YAML file params.yaml loaded successfully]
[2025-08-13 17:04:49,400: INFO: common: created directory at: artifacts]
[2025-08-13 17:04:49,400: INFO: common: created directory at: artifacts/data_ingestion]
[2025-08-13 17:04:49,401: INFO: data_ingestion: File already exists of size: ~ 11345 KB]
[2025-08-13 17:04:49,623: INFO: main: >>>>>> Data Ingestion Stage completed <<<<<<
]
[2025-08-13 17:04:49,623: INFO: main: >>>>>> Prepare Base Model started <<<<<<]
[2025-08-13 17:04:49,626: INFO: common: YAML file config\config.yaml loaded successfully]
[2025-08-13 17:04:49,627: INFO: common: YAML file params.yaml loaded successfully]
[2025-08-13 17:04:49,627: INFO: common: created directory at: artifacts]
[2025-08-13 17:04:49,628: INFO: common: created directory at: artifacts/prepare_base_model]
[2025-08-13 17:04:50,619: WARNING: saving_api: You are saving your model as an HDF5 file via `model.save()` or `keras.saving.save_model(model)`. This file format is considered legacy. We recommend using instead the native Keras format, e.g. `model.save('my_model.keras')` or `keras.saving.save_model(model, 'my_model.keras')`. ]
[2025-08-13 17:04:50,811: WARNING: saving_api: You are saving your model as an HDF5 file via `model.save()` or `keras.saving.save_model(model)`. This file format is considered legacy. We recommend using instead the native Keras format, e.g. `model.save('my_model.keras')` or `keras.saving.save_model(model, 'my_model.keras')`. ]
[2025-08-13 17:04:50,989: INFO: main: >>>>>> Prepare Base Model completed <<<<<<
]
[2025-08-13 17:04:50,990: INFO: main: =================================================

]
[2025-08-13 17:49:34,373: INFO: main: 

=================================================]
[2025-08-13 17:49:34,375: INFO: main: >>>>>> Welcome to my personal Log <<<<<<]
[2025-08-13 17:49:34,376: INFO: main: >>>>>> Data Ingestion Stage started <<<<<<]
[2025-08-13 17:49:34,379: INFO: common: YAML file config\config.yaml loaded successfully]
[2025-08-13 17:49:34,382: INFO: common: YAML file params.yaml loaded successfully]
[2025-08-13 17:49:34,382: INFO: common: created directory at: artifacts]
[2025-08-13 17:49:34,383: INFO: common: created directory at: artifacts/data_ingestion]
[2025-08-13 17:49:34,383: INFO: data_ingestion: File already exists of size: ~ 11345 KB]
[2025-08-13 17:49:34,708: INFO: main: >>>>>> Data Ingestion Stage completed <<<<<<
]
[2025-08-13 17:49:34,709: INFO: main: >>>>>> Prepare Base Model started <<<<<<]
[2025-08-13 17:49:34,711: INFO: common: YAML file config\config.yaml loaded successfully]
[2025-08-13 17:49:34,713: INFO: common: YAML file params.yaml loaded successfully]
[2025-08-13 17:49:34,714: INFO: common: created directory at: artifacts]
[2025-08-13 17:49:34,714: INFO: common: created directory at: artifacts/prepare_base_model]
[2025-08-13 17:49:35,594: WARNING: saving_api: You are saving your model as an HDF5 file via `model.save()` or `keras.saving.save_model(model)`. This file format is considered legacy. We recommend using instead the native Keras format, e.g. `model.save('my_model.keras')` or `keras.saving.save_model(model, 'my_model.keras')`. ]
[2025-08-13 17:49:35,829: WARNING: saving_api: You are saving your model as an HDF5 file via `model.save()` or `keras.saving.save_model(model)`. This file format is considered legacy. We recommend using instead the native Keras format, e.g. `model.save('my_model.keras')` or `keras.saving.save_model(model, 'my_model.keras')`. ]
[2025-08-13 17:49:36,036: INFO: main: >>>>>> Prepare Base Model completed <<<<<<
]
[2025-08-13 17:49:58,356: INFO: main: 

=================================================]
[2025-08-13 17:49:58,356: INFO: main: >>>>>> Welcome to my personal Log <<<<<<]
[2025-08-13 17:49:58,356: INFO: main: >>>>>> Data Ingestion Stage started <<<<<<]
[2025-08-13 17:49:58,358: INFO: common: YAML file config\config.yaml loaded successfully]
[2025-08-13 17:49:58,359: INFO: common: YAML file params.yaml loaded successfully]
[2025-08-13 17:49:58,359: INFO: common: created directory at: artifacts]
[2025-08-13 17:49:58,360: INFO: common: created directory at: artifacts/data_ingestion]
[2025-08-13 17:49:58,360: INFO: data_ingestion: File already exists of size: ~ 11345 KB]
[2025-08-13 17:49:58,612: INFO: main: >>>>>> Data Ingestion Stage completed <<<<<<
]
[2025-08-13 17:49:58,612: INFO: main: >>>>>> Prepare Base Model started <<<<<<]
[2025-08-13 17:49:58,614: INFO: common: YAML file config\config.yaml loaded successfully]
[2025-08-13 17:49:58,616: INFO: common: YAML file params.yaml loaded successfully]
[2025-08-13 17:49:58,617: INFO: common: created directory at: artifacts]
[2025-08-13 17:49:58,623: INFO: common: created directory at: artifacts/prepare_base_model]
[2025-08-13 17:49:59,342: WARNING: saving_api: You are saving your model as an HDF5 file via `model.save()` or `keras.saving.save_model(model)`. This file format is considered legacy. We recommend using instead the native Keras format, e.g. `model.save('my_model.keras')` or `keras.saving.save_model(model, 'my_model.keras')`. ]
[2025-08-13 17:49:59,586: WARNING: saving_api: You are saving your model as an HDF5 file via `model.save()` or `keras.saving.save_model(model)`. This file format is considered legacy. We recommend using instead the native Keras format, e.g. `model.save('my_model.keras')` or `keras.saving.save_model(model, 'my_model.keras')`. ]
[2025-08-13 17:49:59,832: INFO: main: >>>>>> Prepare Base Model completed <<<<<<
]
[2025-08-13 17:50:56,856: INFO: main: 

=================================================]
[2025-08-13 17:50:56,857: INFO: main: >>>>>> Welcome to my personal Log <<<<<<]
[2025-08-13 17:50:56,857: INFO: main: >>>>>> Data Ingestion Stage started <<<<<<]
[2025-08-13 17:50:56,858: INFO: common: YAML file config\config.yaml loaded successfully]
[2025-08-13 17:50:56,860: INFO: common: YAML file params.yaml loaded successfully]
[2025-08-13 17:50:56,860: INFO: common: created directory at: artifacts]
[2025-08-13 17:50:56,860: INFO: common: created directory at: artifacts/data_ingestion]
[2025-08-13 17:50:56,860: INFO: data_ingestion: File already exists of size: ~ 11345 KB]
[2025-08-13 17:50:57,095: INFO: main: >>>>>> Data Ingestion Stage completed <<<<<<
]
[2025-08-13 17:50:57,095: INFO: main: >>>>>> Prepare Base Model started <<<<<<]
[2025-08-13 17:50:57,096: INFO: common: YAML file config\config.yaml loaded successfully]
[2025-08-13 17:50:57,098: INFO: common: YAML file params.yaml loaded successfully]
[2025-08-13 17:50:57,099: INFO: common: created directory at: artifacts]
[2025-08-13 17:50:57,099: INFO: common: created directory at: artifacts/prepare_base_model]
[2025-08-13 17:50:58,046: WARNING: saving_api: You are saving your model as an HDF5 file via `model.save()` or `keras.saving.save_model(model)`. This file format is considered legacy. We recommend using instead the native Keras format, e.g. `model.save('my_model.keras')` or `keras.saving.save_model(model, 'my_model.keras')`. ]
[2025-08-13 17:50:58,233: WARNING: saving_api: You are saving your model as an HDF5 file via `model.save()` or `keras.saving.save_model(model)`. This file format is considered legacy. We recommend using instead the native Keras format, e.g. `model.save('my_model.keras')` or `keras.saving.save_model(model, 'my_model.keras')`. ]
[2025-08-13 17:50:58,450: INFO: main: >>>>>> Prepare Base Model completed <<<<<<
]
[2025-08-13 17:55:36,965: INFO: main: 

=================================================]
[2025-08-13 17:55:36,967: INFO: main: >>>>>> Welcome to my personal Log <<<<<<]
[2025-08-13 17:55:36,968: INFO: main: >>>>>> Data Ingestion Stage started <<<<<<]
[2025-08-13 17:55:36,970: INFO: common: YAML file config\config.yaml loaded successfully]
[2025-08-13 17:55:36,973: INFO: common: YAML file params.yaml loaded successfully]
[2025-08-13 17:55:36,973: INFO: common: created directory at: artifacts]
[2025-08-13 17:55:36,974: INFO: common: created directory at: artifacts/data_ingestion]
[2025-08-13 17:55:36,975: INFO: data_ingestion: File already exists of size: ~ 11345 KB]
[2025-08-13 17:55:37,234: INFO: main: >>>>>> Data Ingestion Stage completed <<<<<<
]
[2025-08-13 17:55:37,234: INFO: main: >>>>>> Prepare Base Model started <<<<<<]
[2025-08-13 17:55:37,237: INFO: common: YAML file config\config.yaml loaded successfully]
[2025-08-13 17:55:37,239: INFO: common: YAML file params.yaml loaded successfully]
[2025-08-13 17:55:37,240: INFO: common: created directory at: artifacts]
[2025-08-13 17:55:37,240: INFO: common: created directory at: artifacts/prepare_base_model]
[2025-08-13 17:55:38,214: WARNING: saving_api: You are saving your model as an HDF5 file via `model.save()` or `keras.saving.save_model(model)`. This file format is considered legacy. We recommend using instead the native Keras format, e.g. `model.save('my_model.keras')` or `keras.saving.save_model(model, 'my_model.keras')`. ]
[2025-08-13 17:55:38,452: WARNING: saving_api: You are saving your model as an HDF5 file via `model.save()` or `keras.saving.save_model(model)`. This file format is considered legacy. We recommend using instead the native Keras format, e.g. `model.save('my_model.keras')` or `keras.saving.save_model(model, 'my_model.keras')`. ]
[2025-08-13 17:55:38,920: INFO: main: >>>>>> Prepare Base Model completed <<<<<<
]
[2025-08-14 17:19:28,315: INFO: common: YAML file config\config.yaml loaded successfully]
[2025-08-14 17:19:28,337: INFO: common: YAML file params.yaml loaded successfully]
[2025-08-14 17:19:28,344: INFO: common: created directory at: artifacts]
[2025-08-14 17:21:17,667: INFO: common: YAML file config\config.yaml loaded successfully]
[2025-08-14 17:21:17,677: INFO: common: YAML file params.yaml loaded successfully]
[2025-08-14 17:21:17,699: INFO: common: created directory at: artifacts]
[2025-08-14 17:21:17,707: INFO: common: created directory at: artifacts\prepare_callbacks\checkpoint_dir]
[2025-08-14 17:21:17,721: INFO: common: created directory at: artifacts\prepare_callbacks\tensorboard_log_dir]
[2025-08-14 17:25:34,369: INFO: main: 

=================================================]
[2025-08-14 17:25:34,369: INFO: main: >>>>>> Welcome to my personal Log <<<<<<]
[2025-08-14 17:25:34,369: INFO: main: >>>>>> Data Ingestion Stage started <<<<<<]
[2025-08-14 17:25:34,374: INFO: common: YAML file config\config.yaml loaded successfully]
[2025-08-14 17:25:34,374: INFO: common: YAML file params.yaml loaded successfully]
[2025-08-14 17:25:34,383: INFO: common: created directory at: artifacts]
[2025-08-14 17:25:34,383: INFO: common: created directory at: artifacts/data_ingestion]
[2025-08-14 17:25:34,383: INFO: data_ingestion: File already exists of size: ~ 11345 KB]
[2025-08-14 17:25:34,807: INFO: main: >>>>>> Data Ingestion Stage completed <<<<<<
]
[2025-08-14 17:25:34,807: INFO: main: >>>>>> Prepare Base Model started <<<<<<]
[2025-08-14 17:25:34,807: INFO: common: YAML file config\config.yaml loaded successfully]
[2025-08-14 17:25:34,816: INFO: common: YAML file params.yaml loaded successfully]
[2025-08-14 17:25:34,816: INFO: common: created directory at: artifacts]
[2025-08-14 17:25:34,816: INFO: common: created directory at: artifacts/prepare_base_model]
[2025-08-14 17:25:36,175: WARNING: saving_api: You are saving your model as an HDF5 file via `model.save()` or `keras.saving.save_model(model)`. This file format is considered legacy. We recommend using instead the native Keras format, e.g. `model.save('my_model.keras')` or `keras.saving.save_model(model, 'my_model.keras')`. ]
[2025-08-14 17:25:36,773: WARNING: saving_api: You are saving your model as an HDF5 file via `model.save()` or `keras.saving.save_model(model)`. This file format is considered legacy. We recommend using instead the native Keras format, e.g. `model.save('my_model.keras')` or `keras.saving.save_model(model, 'my_model.keras')`. ]
[2025-08-14 17:25:37,169: INFO: main: >>>>>> Prepare Base Model completed <<<<<<
]
[2025-08-14 17:35:01,821: INFO: main: 

=================================================]
[2025-08-14 17:35:01,823: INFO: main: >>>>>> Welcome to my personal Log <<<<<<]
[2025-08-14 17:35:01,823: INFO: main: >>>>>> Data Ingestion Stage started <<<<<<]
[2025-08-14 17:35:01,828: INFO: common: YAML file config\config.yaml loaded successfully]
[2025-08-14 17:35:01,837: INFO: common: YAML file params.yaml loaded successfully]
[2025-08-14 17:35:01,838: INFO: common: created directory at: artifacts]
[2025-08-14 17:35:01,840: INFO: common: created directory at: artifacts/data_ingestion]
[2025-08-14 17:35:01,840: INFO: data_ingestion: File already exists of size: ~ 11345 KB]
[2025-08-14 17:35:02,824: INFO: main: >>>>>> Data Ingestion Stage completed <<<<<<
]
[2025-08-14 17:35:02,827: INFO: main: >>>>>> Prepare Base Model started <<<<<<]
[2025-08-14 17:35:02,835: INFO: common: YAML file config\config.yaml loaded successfully]
[2025-08-14 17:35:02,847: INFO: common: YAML file params.yaml loaded successfully]
[2025-08-14 17:35:02,853: INFO: common: created directory at: artifacts]
[2025-08-14 17:35:02,863: INFO: common: created directory at: artifacts/prepare_base_model]
[2025-08-14 17:35:05,064: WARNING: saving_api: You are saving your model as an HDF5 file via `model.save()` or `keras.saving.save_model(model)`. This file format is considered legacy. We recommend using instead the native Keras format, e.g. `model.save('my_model.keras')` or `keras.saving.save_model(model, 'my_model.keras')`. ]
[2025-08-14 17:35:06,349: WARNING: saving_api: You are saving your model as an HDF5 file via `model.save()` or `keras.saving.save_model(model)`. This file format is considered legacy. We recommend using instead the native Keras format, e.g. `model.save('my_model.keras')` or `keras.saving.save_model(model, 'my_model.keras')`. ]
[2025-08-14 17:35:07,113: INFO: main: >>>>>> Prepare Base Model completed <<<<<<
]
[2025-08-27 10:44:17,088: INFO: common: YAML file config\config.yaml loaded successfully]
[2025-08-27 10:44:17,103: INFO: common: YAML file params.yaml loaded successfully]
[2025-08-27 10:44:17,103: INFO: common: created directory at: artifacts]
[2025-08-27 10:44:17,103: INFO: common: created directory at: artifacts\prepare_callbacks\checkpoint_dir]
[2025-08-27 10:44:17,103: INFO: common: created directory at: artifacts\prepare_callbacks\tensorboard_log_dir]
[2025-08-27 10:44:17,110: INFO: common: created directory at: artifacts\training]
[2025-08-27 10:46:58,877: WARNING: saving_api: You are saving your model as an HDF5 file via `model.save()` or `keras.saving.save_model(model)`. This file format is considered legacy. We recommend using instead the native Keras format, e.g. `model.save('my_model.keras')` or `keras.saving.save_model(model, 'my_model.keras')`. ]
[2025-08-27 10:46:59,389: WARNING: saving_api: You are saving your model as an HDF5 file via `model.save()` or `keras.saving.save_model(model)`. This file format is considered legacy. We recommend using instead the native Keras format, e.g. `model.save('my_model.keras')` or `keras.saving.save_model(model, 'my_model.keras')`. ]
[2025-08-27 10:47:06,916: WARNING: saving_utils: Compiled the loaded model, but the compiled metrics have yet to be built. `model.compile_metrics` will be empty until you train or evaluate the model.]
[2025-08-27 10:47:13,083: INFO: common: YAML file config\config.yaml loaded successfully]
[2025-08-27 10:47:13,087: INFO: common: YAML file params.yaml loaded successfully]
[2025-08-27 10:47:13,091: INFO: common: created directory at: artifacts]
[2025-08-27 10:47:13,495: WARNING: saving_utils: Compiled the loaded model, but the compiled metrics have yet to be built. `model.compile_metrics` will be empty until you train or evaluate the model.]
[2025-08-27 10:47:28,750: INFO: common: json file saved at: scores.json]
[2025-08-27 10:55:25,173: INFO: main: 

=================================================]
[2025-08-27 10:55:25,173: INFO: main: >>>>>> Welcome to my personal Log <<<<<<]
[2025-08-27 10:55:25,175: INFO: main: >>>>>> Data Ingestion Stage started <<<<<<]
[2025-08-27 10:55:25,179: INFO: common: YAML file config\config.yaml loaded successfully]
[2025-08-27 10:55:25,179: INFO: common: YAML file params.yaml loaded successfully]
[2025-08-27 10:55:25,179: INFO: common: created directory at: artifacts]
[2025-08-27 10:55:25,179: INFO: common: created directory at: artifacts/data_ingestion]
[2025-08-27 10:55:25,179: INFO: data_ingestion: File already exists of size: ~ 11345 KB]
[2025-08-27 10:55:25,480: INFO: main: >>>>>> Data Ingestion Stage completed <<<<<<
]
[2025-08-27 10:55:25,480: INFO: main: >>>>>> Prepare Base Model started <<<<<<]
[2025-08-27 10:55:25,480: INFO: common: YAML file config\config.yaml loaded successfully]
[2025-08-27 10:55:25,490: INFO: common: YAML file params.yaml loaded successfully]
[2025-08-27 10:55:25,492: INFO: common: created directory at: artifacts]
[2025-08-27 10:55:25,492: INFO: common: created directory at: artifacts/prepare_base_model]
[2025-08-27 10:55:26,421: WARNING: saving_api: You are saving your model as an HDF5 file via `model.save()` or `keras.saving.save_model(model)`. This file format is considered legacy. We recommend using instead the native Keras format, e.g. `model.save('my_model.keras')` or `keras.saving.save_model(model, 'my_model.keras')`. ]
[2025-08-27 10:55:26,726: WARNING: saving_api: You are saving your model as an HDF5 file via `model.save()` or `keras.saving.save_model(model)`. This file format is considered legacy. We recommend using instead the native Keras format, e.g. `model.save('my_model.keras')` or `keras.saving.save_model(model, 'my_model.keras')`. ]
[2025-08-27 10:55:26,963: INFO: main: >>>>>> Prepare Base Model completed <<<<<<
]
[2025-08-27 10:55:26,963: INFO: main: >>>>>> Training started <<<<<<]
[2025-08-27 10:55:26,963: ERROR: main: name 'ModelTrainingPipeline' is not defined]
Traceback (most recent call last):
  File "D:\Projects\DL_OPS\main.py", line 32, in <module>
    model_trainer = ModelTrainingPipeline()
                    ^^^^^^^^^^^^^^^^^^^^^
NameError: name 'ModelTrainingPipeline' is not defined
[2025-08-27 10:59:29,032: INFO: main: 

=================================================]
[2025-08-27 10:59:29,032: INFO: main: >>>>>> Welcome to my personal Log <<<<<<]
[2025-08-27 10:59:29,032: INFO: main: >>>>>> Data Ingestion Stage started <<<<<<]
[2025-08-27 10:59:29,036: INFO: common: YAML file config\config.yaml loaded successfully]
[2025-08-27 10:59:29,036: INFO: common: YAML file params.yaml loaded successfully]
[2025-08-27 10:59:29,036: INFO: common: created directory at: artifacts]
[2025-08-27 10:59:29,036: INFO: common: created directory at: artifacts/data_ingestion]
[2025-08-27 10:59:29,036: INFO: data_ingestion: File already exists of size: ~ 11345 KB]
[2025-08-27 10:59:29,315: INFO: main: >>>>>> Data Ingestion Stage completed <<<<<<
]
[2025-08-27 10:59:29,315: INFO: main: >>>>>> Prepare Base Model started <<<<<<]
[2025-08-27 10:59:29,315: INFO: common: YAML file config\config.yaml loaded successfully]
[2025-08-27 10:59:29,315: INFO: common: YAML file params.yaml loaded successfully]
[2025-08-27 10:59:29,315: INFO: common: created directory at: artifacts]
[2025-08-27 10:59:29,315: INFO: common: created directory at: artifacts/prepare_base_model]
[2025-08-27 10:59:30,071: WARNING: saving_api: You are saving your model as an HDF5 file via `model.save()` or `keras.saving.save_model(model)`. This file format is considered legacy. We recommend using instead the native Keras format, e.g. `model.save('my_model.keras')` or `keras.saving.save_model(model, 'my_model.keras')`. ]
[2025-08-27 10:59:30,321: WARNING: saving_api: You are saving your model as an HDF5 file via `model.save()` or `keras.saving.save_model(model)`. This file format is considered legacy. We recommend using instead the native Keras format, e.g. `model.save('my_model.keras')` or `keras.saving.save_model(model, 'my_model.keras')`. ]
[2025-08-27 10:59:30,595: INFO: main: >>>>>> Prepare Base Model completed <<<<<<
]
[2025-08-27 10:59:30,595: INFO: main: >>>>>> Training started <<<<<<]
[2025-08-27 10:59:30,595: INFO: common: YAML file config\config.yaml loaded successfully]
[2025-08-27 10:59:30,615: INFO: common: YAML file params.yaml loaded successfully]
[2025-08-27 10:59:30,616: INFO: common: created directory at: artifacts]
[2025-08-27 10:59:30,617: INFO: common: created directory at: artifacts\prepare_callbacks\checkpoint_dir]
[2025-08-27 10:59:30,619: INFO: common: created directory at: artifacts\prepare_callbacks\tensorboard_log_dir]
[2025-08-27 10:59:30,622: INFO: common: created directory at: artifacts\training]
[2025-08-27 10:59:30,963: WARNING: saving_utils: Compiled the loaded model, but the compiled metrics have yet to be built. `model.compile_metrics` will be empty until you train or evaluate the model.]
[2025-08-27 11:01:54,936: WARNING: saving_api: You are saving your model as an HDF5 file via `model.save()` or `keras.saving.save_model(model)`. This file format is considered legacy. We recommend using instead the native Keras format, e.g. `model.save('my_model.keras')` or `keras.saving.save_model(model, 'my_model.keras')`. ]
[2025-08-27 11:01:55,466: WARNING: saving_api: You are saving your model as an HDF5 file via `model.save()` or `keras.saving.save_model(model)`. This file format is considered legacy. We recommend using instead the native Keras format, e.g. `model.save('my_model.keras')` or `keras.saving.save_model(model, 'my_model.keras')`. ]
[2025-08-27 11:01:56,353: INFO: main: >>>>>> Training completed <<<<<<

x==========x]
[2025-08-27 11:01:56,353: INFO: main: >>>>>> Evaluation started <<<<<<]
[2025-08-27 11:01:56,353: ERROR: main: name 'EvaluationPipeline' is not defined]
Traceback (most recent call last):
  File "D:\Projects\DL_OPS\main.py", line 45, in <module>
    model_eval = EvaluationPipeline()
                 ^^^^^^^^^^^^^^^^^^
NameError: name 'EvaluationPipeline' is not defined
[2025-08-27 11:03:53,454: INFO: main: 

=================================================]
[2025-08-27 11:03:53,461: INFO: main: >>>>>> Welcome to my personal Log <<<<<<]
[2025-08-27 11:03:53,461: INFO: main: >>>>>> Data Ingestion Stage started <<<<<<]
[2025-08-27 11:03:53,463: INFO: common: YAML file config\config.yaml loaded successfully]
[2025-08-27 11:03:53,463: INFO: common: YAML file params.yaml loaded successfully]
[2025-08-27 11:03:53,468: INFO: common: created directory at: artifacts]
[2025-08-27 11:03:53,468: INFO: common: created directory at: artifacts/data_ingestion]
[2025-08-27 11:03:53,468: INFO: data_ingestion: File already exists of size: ~ 11345 KB]
[2025-08-27 11:03:53,914: INFO: main: >>>>>> Data Ingestion Stage completed <<<<<<
]
[2025-08-27 11:03:53,917: INFO: main: >>>>>> Prepare Base Model started <<<<<<]
[2025-08-27 11:03:53,919: INFO: common: YAML file config\config.yaml loaded successfully]
[2025-08-27 11:03:53,919: INFO: common: YAML file params.yaml loaded successfully]
[2025-08-27 11:03:53,921: INFO: common: created directory at: artifacts]
[2025-08-27 11:03:53,921: INFO: common: created directory at: artifacts/prepare_base_model]
[2025-08-27 11:03:54,554: WARNING: saving_api: You are saving your model as an HDF5 file via `model.save()` or `keras.saving.save_model(model)`. This file format is considered legacy. We recommend using instead the native Keras format, e.g. `model.save('my_model.keras')` or `keras.saving.save_model(model, 'my_model.keras')`. ]
[2025-08-27 11:03:54,923: WARNING: saving_api: You are saving your model as an HDF5 file via `model.save()` or `keras.saving.save_model(model)`. This file format is considered legacy. We recommend using instead the native Keras format, e.g. `model.save('my_model.keras')` or `keras.saving.save_model(model, 'my_model.keras')`. ]
[2025-08-27 11:03:55,171: INFO: main: >>>>>> Prepare Base Model completed <<<<<<
]
[2025-08-27 11:03:55,171: INFO: main: >>>>>> Training started <<<<<<]
[2025-08-27 11:03:55,174: INFO: common: YAML file config\config.yaml loaded successfully]
[2025-08-27 11:03:55,183: INFO: common: YAML file params.yaml loaded successfully]
[2025-08-27 11:03:55,185: INFO: common: created directory at: artifacts]
[2025-08-27 11:03:55,187: INFO: common: created directory at: artifacts\prepare_callbacks\checkpoint_dir]
[2025-08-27 11:03:55,188: INFO: common: created directory at: artifacts\prepare_callbacks\tensorboard_log_dir]
[2025-08-27 11:03:55,192: INFO: common: created directory at: artifacts\training]
[2025-08-27 11:03:55,552: WARNING: saving_utils: Compiled the loaded model, but the compiled metrics have yet to be built. `model.compile_metrics` will be empty until you train or evaluate the model.]
[2025-08-27 11:06:07,499: WARNING: saving_api: You are saving your model as an HDF5 file via `model.save()` or `keras.saving.save_model(model)`. This file format is considered legacy. We recommend using instead the native Keras format, e.g. `model.save('my_model.keras')` or `keras.saving.save_model(model, 'my_model.keras')`. ]
[2025-08-27 11:06:07,856: WARNING: saving_api: You are saving your model as an HDF5 file via `model.save()` or `keras.saving.save_model(model)`. This file format is considered legacy. We recommend using instead the native Keras format, e.g. `model.save('my_model.keras')` or `keras.saving.save_model(model, 'my_model.keras')`. ]
[2025-08-27 11:06:08,138: INFO: main: >>>>>> Training completed <<<<<<

x==========x]
[2025-08-27 11:06:08,138: INFO: main: >>>>>> Evaluation started <<<<<<]
[2025-08-27 11:06:08,158: INFO: common: YAML file config\config.yaml loaded successfully]
[2025-08-27 11:06:08,162: INFO: common: YAML file params.yaml loaded successfully]
[2025-08-27 11:06:08,166: INFO: common: created directory at: artifacts]
[2025-08-27 11:06:08,577: WARNING: saving_utils: Compiled the loaded model, but the compiled metrics have yet to be built. `model.compile_metrics` will be empty until you train or evaluate the model.]
[2025-08-27 11:06:24,926: INFO: common: json file saved at: scores.json]
[2025-08-27 11:06:24,926: INFO: main: >>>>>> Evaluation completed <<<<<<

x==========x]
[2025-08-27 11:11:35,018: INFO: _internal: [31m[1mWARNING: This is a development server. Do not use it in a production deployment. Use a production WSGI server instead.[0m
 * Running on http://127.0.0.1:5000]
[2025-08-27 11:11:35,018: INFO: _internal: [33mPress CTRL+C to quit[0m]
[2025-08-27 11:11:39,747: INFO: _internal: 127.0.0.1 - - [27/Aug/2025 11:11:39] "GET / HTTP/1.1" 200 -]
[2025-08-27 11:16:56,467: INFO: _internal: 127.0.0.1 - - [27/Aug/2025 11:16:56] "GET / HTTP/1.1" 200 -]
[2025-08-27 11:17:04,006: INFO: _internal: 127.0.0.1 - - [27/Aug/2025 11:17:04] "GET / HTTP/1.1" 200 -]
[2025-08-27 11:17:04,972: INFO: _internal: 127.0.0.1 - - [27/Aug/2025 11:17:04] "GET / HTTP/1.1" 200 -]
[2025-08-27 11:17:05,956: INFO: _internal: 127.0.0.1 - - [27/Aug/2025 11:17:05] "GET / HTTP/1.1" 200 -]
[2025-08-27 11:17:06,792: INFO: _internal: 127.0.0.1 - - [27/Aug/2025 11:17:06] "GET / HTTP/1.1" 200 -]
[2025-08-27 11:17:07,835: INFO: _internal: 127.0.0.1 - - [27/Aug/2025 11:17:07] "GET / HTTP/1.1" 200 -]
[2025-08-27 11:17:08,749: INFO: _internal: 127.0.0.1 - - [27/Aug/2025 11:17:08] "GET / HTTP/1.1" 200 -]
[2025-08-27 11:17:10,801: INFO: _internal: 127.0.0.1 - - [27/Aug/2025 11:17:10] "GET / HTTP/1.1" 200 -]
[2025-08-27 11:17:11,455: INFO: _internal: 127.0.0.1 - - [27/Aug/2025 11:17:11] "GET / HTTP/1.1" 200 -]
[2025-08-27 11:17:11,786: INFO: _internal: 127.0.0.1 - - [27/Aug/2025 11:17:11] "GET / HTTP/1.1" 200 -]
[2025-08-27 11:17:12,099: INFO: _internal: 127.0.0.1 - - [27/Aug/2025 11:17:12] "GET / HTTP/1.1" 200 -]
[2025-08-27 11:17:12,417: INFO: _internal: 127.0.0.1 - - [27/Aug/2025 11:17:12] "GET / HTTP/1.1" 200 -]
[2025-08-27 11:17:12,782: INFO: _internal: 127.0.0.1 - - [27/Aug/2025 11:17:12] "GET / HTTP/1.1" 200 -]
[2025-09-08 09:16:02,686: INFO: stage_01_data_ingestion: >>>> stage Data Ingestion stage started >>>>>]
[2025-09-08 09:16:02,696: INFO: common: YAML file config\config.yaml loaded successfully]
[2025-09-08 09:16:02,702: INFO: common: YAML file params.yaml loaded successfully]
[2025-09-08 09:16:02,702: INFO: common: created directory at: artifacts]
[2025-09-08 09:16:02,702: INFO: common: created directory at: artifacts/data_ingestion]
[2025-09-08 09:16:02,706: INFO: data_ingestion: File already exists of size: ~ 11345 KB]
[2025-09-08 09:16:03,322: INFO: stage_01_data_ingestion: >>> stage Data Ingestion stage completed >>>>>

 x======x]
[2025-09-08 09:16:21,060: INFO: stage_01_data_ingestion: >>>> stage Data Ingestion stage started >>>>>]
[2025-09-08 09:16:21,066: INFO: common: YAML file config\config.yaml loaded successfully]
[2025-09-08 09:16:21,072: INFO: common: YAML file params.yaml loaded successfully]
[2025-09-08 09:16:21,073: INFO: common: created directory at: artifacts]
[2025-09-08 09:16:21,073: INFO: common: created directory at: artifacts/data_ingestion]
[2025-09-08 09:16:21,075: INFO: data_ingestion: File already exists of size: ~ 11345 KB]
[2025-09-08 09:16:21,434: INFO: stage_01_data_ingestion: >>> stage Data Ingestion stage completed >>>>>

 x======x]
[2025-09-08 09:18:31,294: INFO: stage_02_prepare_base_model: ***********]
[2025-09-08 09:18:31,304: INFO: stage_02_prepare_base_model: >>>>>> stage Prepare base model started <<<<<]
[2025-09-08 09:18:31,318: INFO: common: YAML file config\config.yaml loaded successfully]
[2025-09-08 09:18:31,329: INFO: common: YAML file params.yaml loaded successfully]
[2025-09-08 09:18:31,331: INFO: common: created directory at: artifacts]
[2025-09-08 09:18:31,334: INFO: common: created directory at: artifacts/prepare_base_model]
[2025-09-08 09:18:34,501: WARNING: saving_api: You are saving your model as an HDF5 file via `model.save()` or `keras.saving.save_model(model)`. This file format is considered legacy. We recommend using instead the native Keras format, e.g. `model.save('my_model.keras')` or `keras.saving.save_model(model, 'my_model.keras')`. ]
[2025-09-08 09:18:35,982: WARNING: saving_api: You are saving your model as an HDF5 file via `model.save()` or `keras.saving.save_model(model)`. This file format is considered legacy. We recommend using instead the native Keras format, e.g. `model.save('my_model.keras')` or `keras.saving.save_model(model, 'my_model.keras')`. ]
[2025-09-08 09:18:38,144: INFO: stage_02_prepare_base_model: >>>>> stage Prepare base model completed <<<<<<<

x=====x]
[2025-09-08 09:22:35,496: INFO: stage_02_prepare_base_model: ***********]
[2025-09-08 09:22:35,496: INFO: stage_02_prepare_base_model: >>>>>> stage Prepare base model started <<<<<]
[2025-09-08 09:22:35,534: INFO: common: YAML file config\config.yaml loaded successfully]
[2025-09-08 09:22:35,537: INFO: common: YAML file params.yaml loaded successfully]
[2025-09-08 09:22:35,537: INFO: common: created directory at: artifacts]
[2025-09-08 09:22:35,544: INFO: common: created directory at: artifacts/prepare_base_model]
[2025-09-08 09:22:37,074: WARNING: saving_api: You are saving your model as an HDF5 file via `model.save()` or `keras.saving.save_model(model)`. This file format is considered legacy. We recommend using instead the native Keras format, e.g. `model.save('my_model.keras')` or `keras.saving.save_model(model, 'my_model.keras')`. ]
[2025-09-08 09:22:37,484: WARNING: saving_api: You are saving your model as an HDF5 file via `model.save()` or `keras.saving.save_model(model)`. This file format is considered legacy. We recommend using instead the native Keras format, e.g. `model.save('my_model.keras')` or `keras.saving.save_model(model, 'my_model.keras')`. ]
[2025-09-08 09:22:38,584: INFO: stage_02_prepare_base_model: >>>>> stage Prepare base model completed <<<<<<<

x=====x]
[2025-09-08 09:23:04,101: INFO: stage_03_training: *******************]
[2025-09-08 09:23:04,101: INFO: stage_03_training: >>>>>> stage Training started <<<<<<]
[2025-09-08 09:23:04,104: INFO: common: YAML file config\config.yaml loaded successfully]
[2025-09-08 09:23:04,104: INFO: common: YAML file params.yaml loaded successfully]
[2025-09-08 09:23:04,104: INFO: common: created directory at: artifacts]
[2025-09-08 09:23:04,104: INFO: common: created directory at: artifacts\prepare_callbacks\checkpoint_dir]
[2025-09-08 09:23:04,104: INFO: common: created directory at: artifacts\prepare_callbacks\tensorboard_log_dir]
[2025-09-08 09:23:04,104: INFO: common: created directory at: artifacts\training]
[2025-09-08 09:23:06,252: WARNING: saving_utils: Compiled the loaded model, but the compiled metrics have yet to be built. `model.compile_metrics` will be empty until you train or evaluate the model.]
[2025-09-08 09:27:14,741: WARNING: saving_api: You are saving your model as an HDF5 file via `model.save()` or `keras.saving.save_model(model)`. This file format is considered legacy. We recommend using instead the native Keras format, e.g. `model.save('my_model.keras')` or `keras.saving.save_model(model, 'my_model.keras')`. ]
[2025-09-08 09:27:15,415: WARNING: saving_api: You are saving your model as an HDF5 file via `model.save()` or `keras.saving.save_model(model)`. This file format is considered legacy. We recommend using instead the native Keras format, e.g. `model.save('my_model.keras')` or `keras.saving.save_model(model, 'my_model.keras')`. ]
[2025-09-08 09:27:15,705: INFO: stage_03_training: >>>>>> stage Training completed <<<<<<

x==========x]
[2025-09-08 09:29:03,490: INFO: stage_04_evaluation: *******************]
[2025-09-08 09:29:03,497: INFO: stage_04_evaluation: >>>>>> stage Evaluation stage started <<<<<<]
[2025-09-08 09:29:03,507: INFO: common: YAML file config\config.yaml loaded successfully]
[2025-09-08 09:29:03,542: INFO: common: YAML file params.yaml loaded successfully]
[2025-09-08 09:29:03,554: INFO: common: created directory at: artifacts]
[2025-09-08 09:29:05,468: WARNING: saving_utils: Compiled the loaded model, but the compiled metrics have yet to be built. `model.compile_metrics` will be empty until you train or evaluate the model.]
[2025-09-08 09:29:37,820: INFO: common: json file saved at: scores.json]
[2025-09-08 09:29:37,823: INFO: stage_04_evaluation: >>>>>> stage Evaluation stage completed <<<<<<

x==========x]
